[6valley.6amtech.com/index.html]
[backblue.gif]
[fade.gif]
[index.html]
[6valley.6amtech.com/storage/app/public/company/2022-04-20-625fa5de19943.png]
[6valley.6amtech.com/public/assets/front-end/vendor/simplebar/dist/simplebar.min.css]
[6valley.6amtech.com/public/assets/front-end/vendor/tiny-slider/dist/tiny-slider.css]
[6valley.6amtech.com/public/assets/front-end/vendor/drift-zoom/dist/drift-basic.min.css]
[6valley.6amtech.com/public/assets/front-end/vendor/lightgallery.js/dist/css/lightgallery.min.css]
[6valley.6amtech.com/public/assets/back-end/css/toastr.css]
[6valley.6amtech.com/public/assets/front-end/css/theme.min.css]
[6valley.6amtech.com/public/assets/front-end/css/slick.css]
[6valley.6amtech.com/public/assets/front-end/css/font-awesome.min.css]
[6valley.6amtech.com/public/assets/front-end/css/master.css]
[6valley.6amtech.com/public/css/lightbox.css]
[6valley.6amtech.com/public/assets/back-end/vendor/icon-set/style.css]
[6valley.6amtech.com/storage/app/public/company/2022-04-20-625fa32105ddf.png]
[6valley.6amtech.com/public/assets/front-end/css/home.css]
[6valley.6amtech.com/public/assets/front-end/css/owl.carousel.min.css]
[6valley.6amtech.com/public/assets/front-end/css/owl.theme.default.min.css]
[6valley.6amtech.com/public/assets/front-end/css/responsive1.css]
[6valley.6amtech.com/shopView/1.html]
[6valley.6amtech.com/public/assets/front-end/img/image-place-holder.png]
[6valley.6amtech.com/storage/app/public/banner/2022-04-21-6260c07b91aed.png]
[6valley.6amtech.com/public/assets/front-end/img/flags/en.png]
[6valley.6amtech.com/public/assets/front-end/img/flags/sa.png]
[6valley.6amtech.com/storage/app/public/company/2022-04-20-625f9502c5933.png]
[6valley.6amtech.com/customer/auth/login.html]
[6valley.6amtech.com/customer/auth/sign-up.html]
[6valley.6amtech.com/products9356.html]
[6valley.6amtech.com/storage/app/public/category/2022-04-13-62566cf5b061b.png]
[6valley.6amtech.com/products734e.html]
[6valley.6amtech.com/storage/app/public/category/2022-04-13-62566ccdee31c.png]
[6valley.6amtech.com/products7435.html]
[6valley.6amtech.com/storage/app/public/category/2022-04-13-62566d207d809.png]
[6valley.6amtech.com/products7b7d.html]
[6valley.6amtech.com/storage/app/public/category/2022-04-13-62566d467ae3c.png]
[6valley.6amtech.com/products77b5.html]
[6valley.6amtech.com/storage/app/public/category/2022-04-13-62566c96e5edc.png]
[6valley.6amtech.com/products3b18.html]
[6valley.6amtech.com/storage/app/public/category/2022-04-13-62566c1958ba3.png]
[6valley.6amtech.com/products880e.html]
[6valley.6amtech.com/products3bca.html]
[6valley.6amtech.com/productsc219.html]
[6valley.6amtech.com/productsf30e.html]
[6valley.6amtech.com/products26fd.html]
[6valley.6amtech.com/storage/app/public/category/2022-04-13-62566b4deaba6.png]
[6valley.6amtech.com/products5d16.html]
[6valley.6amtech.com/products9f20.html]
[6valley.6amtech.com/productsa7b6.html]
[6valley.6amtech.com/products5b18.html]
[6valley.6amtech.com/storage/app/public/category/2022-04-13-62566bd73a8d3.png]
[6valley.6amtech.com/categories.html]
[6valley.6amtech.com/products162c.html]
[6valley.6amtech.com/storage/app/public/category/2022-04-13-62566b6cd3e60.png]
[6valley.6amtech.com/products10f7.html]
[6valley.6amtech.com/storage/app/public/category/2022-04-13-62566bf812223.png]
[6valley.6amtech.com/products0e8e.html]
[6valley.6amtech.com/storage/app/public/category/2022-04-13-62566cb386b60.png]
[6valley.6amtech.com/productsd887.html]
[6valley.6amtech.com/products2cb2.html]
[6valley.6amtech.com/products32fa.html]
[6valley.6amtech.com/products2e2f.html]
[6valley.6amtech.com/products440c.html]
[6valley.6amtech.com/products7302.html]
[6valley.6amtech.com/products04f4.html]
[6valley.6amtech.com/productsdab8.html]
[6valley.6amtech.com/productsba0b.html]
[6valley.6amtech.com/products3a8f.html]
[6valley.6amtech.com/productsa6ab.html]
[6valley.6amtech.com/products63b5.html]
[6valley.6amtech.com/products1400.html]
[6valley.6amtech.com/productscc1e.html]
[6valley.6amtech.com/brands.html]
[6valley.6amtech.com/productsd032.html]
[6valley.6amtech.com/sellers.html]
[6valley.6amtech.com/shop/apply.html]
[6valley.6amtech.com/seller/auth/login.html]
[6valley.6amtech.com/storage/app/public/company/2022-04-23-62640d298e373.png]
[6valley.6amtech.com/public/assets/front-end/img/loader.gif]
[6valley.6amtech.com/storage/app/public/banner/2022-04-24-6264be16c896b.png]
[6valley.6amtech.com/storage/app/public/banner/2022-04-24-6264be477b97f.png]
[6valley.6amtech.com/flash-deals/4.html]
[6valley.6amtech.com/product/test-1-DcD1hE.html]
[6valley.6amtech.com/storage/app/public/product/thumbnail/2022-04-20-625fe69f72cce.png]
[6valley.6amtech.com/product/test-6-Pg6Hpj.html]
[6valley.6amtech.com/storage/app/public/product/thumbnail/2022-04-23-6263633d3b0a6.png]
[6valley.6amtech.com/product/demo-product-1-DuHk4E.html]
[6valley.6amtech.com/storage/app/public/product/thumbnail/2022-04-19-625e6fdf2fbb9.png]
[6valley.6amtech.com/product/subrtex-1-piece-knit-jacquard-spandex-stretch-sofa-milky-0uKU4j.html]
[6valley.6amtech.com/storage/app/public/product/thumbnail/2022-04-20-625fe4bc22bd3.png]
[6valley.6amtech.com/product/test-1-H27JWE.html]
[6valley.6amtech.com/storage/app/public/product/thumbnail/2022-04-20-625fea103fa22.png]
[6valley.6amtech.com/storage/app/public/brand/2022-04-13-62566afd08cb0.png]
[6valley.6amtech.com/storage/app/public/brand/2022-04-16-625a46d2ebbe5.png]
[6valley.6amtech.com/storage/app/public/brand/2022-04-16-625a46eca6f04.png]
[6valley.6amtech.com/storage/app/public/brand/2022-04-16-625a472c9f231.png]
[6valley.6amtech.com/storage/app/public/brand/2022-04-16-625a470ab00d1.png]
[6valley.6amtech.com/storage/app/public/brand/2022-04-16-625a468e11386.png]
[6valley.6amtech.com/storage/app/public/brand/2022-04-13-62566ad879288.png]
[6valley.6amtech.com/storage/app/public/brand/2022-04-13-62566ac36e4cd.png]
[6valley.6amtech.com/storage/app/public/brand/2022-04-13-62566aaad1d50.png]
[6valley.6amtech.com/storage/app/public/brand/2022-04-13-62566a9764bbf.png]
[6valley.6amtech.com/storage/app/public/brand/2022-04-13-62566a7e9e163.png]
[6valley.6amtech.com/storage/app/public/brand/2022-04-13-62566a6b87e0f.png]
[6valley.6amtech.com/storage/app/public/brand/2022-04-19-625e5e370a343.png]
[6valley.6amtech.com/storage/app/public/brand/2022-04-19-625e5e440ab22.png]
[6valley.6amtech.com/product/product-1-9x9CNa.html]
[6valley.6amtech.com/storage/app/public/product/thumbnail/2022-04-20-625f76257cdf2.png]
[6valley.6amtech.com/product/test-1-ujoAgo.html]
[6valley.6amtech.com/storage/app/public/product/thumbnail/2022-04-13-62566ecb47876.png]
[6valley.6amtech.com/product/timex-marlin-stainless-steel-hand-wound-movement-Czd48g.html]
[6valley.6amtech.com/storage/app/public/product/thumbnail/2022-04-21-6260fd9161efe.png]
[6valley.6amtech.com/product/test-1-w3PUfR.html]
[6valley.6amtech.com/storage/app/public/product/thumbnail/2022-04-23-626362bcdbc49.png]
[6valley.6amtech.com/product/test-10-LQArPe.html]
[6valley.6amtech.com/storage/app/public/product/thumbnail/2022-04-13-62566e1a35a9c.png]
[6valley.6amtech.com/product/product-111-s6WUwV.html]
[6valley.6amtech.com/storage/app/public/product/thumbnail/2022-04-20-625fe611c0c72.png]
[6valley.6amtech.com/productsab7c.html]
[6valley.6amtech.com/product/test-3-ibgkHB.html]
[6valley.6amtech.com/storage/app/public/product/thumbnail/2022-04-23-62636369a0855.png]
[6valley.6amtech.com/product/test-7-3spYrs.html]
[6valley.6amtech.com/storage/app/public/product/thumbnail/2022-04-16-625a26a3dfe7b.png]
[6valley.6amtech.com/productsfbc0.html]
[6valley.6amtech.com/product/test-asdf-ZEYzZC.html]
[6valley.6amtech.com/storage/app/public/product/thumbnail/2022-04-20-625f9fa1dbcfe.png]
[6valley.6amtech.com/product/product-test-LoiBIu.html]
[6valley.6amtech.com/storage/app/public/product/thumbnail/2022-04-20-625fe5a872824.png]
[6valley.6amtech.com/product/demo-product-23-iLZaLC.html]
[6valley.6amtech.com/storage/app/public/product/thumbnail/2022-04-19-625e6fb8d4217.png]
[6valley.6amtech.com/product/demo-product-22-683ZUQ.html]
[6valley.6amtech.com/storage/app/public/product/thumbnail/2022-04-19-625e6f7c06567.png]
[6valley.6amtech.com/storage/app/public/banner/2022-04-21-6260beb0ca1f0.png]
[6valley.6amtech.com/storage/app/public/shop/2022-04-21-6260f790349f7.png]
[6valley.6amtech.com/shopView/3.html]
[6valley.6amtech.com/storage/app/public/shop/2022-04-21-6260f38e9ce54.png]
[6valley.6amtech.com/shopView/2.html]
[6valley.6amtech.com/storage/app/public/shop/2022-04-21-6260f6e190f4c.png]
[6valley.6amtech.com/shopView/4.html]
[6valley.6amtech.com/storage/app/public/shop/2022-04-21-6260f30a58846.png]
[6valley.6amtech.com/shopView/5.html]
[6valley.6amtech.com/storage/app/public/shop/2022-04-21-6260f29f4a3bd.png]
[6valley.6amtech.com/shopView/6.html]
[6valley.6amtech.com/storage/app/public/shop/2022-04-21-6260f23c79774.png]
[6valley.6amtech.com/shopView/7.html]
[6valley.6amtech.com/storage/app/public/shop/2022-04-21-6260f1feb5be0.png]
[6valley.6amtech.com/shopView/8.html]
[6valley.6amtech.com/storage/app/public/shop/2022-04-21-6260f140b5c50.png]
[6valley.6amtech.com/shopView/9.html]
[6valley.6amtech.com/storage/app/public/shop/2022-04-23-626405e4d6205.png]
[6valley.6amtech.com/public/assets/front-end/png/new-arrivals.png]
[6valley.6amtech.com/public/assets/front-end/png/best sellings.png]
[6valley.6amtech.com/products658b.html]
[6valley.6amtech.com/product/product-123-6fJ1ft.html]
[6valley.6amtech.com/storage/app/public/product/thumbnail/2022-04-20-625fe97736a17.png]
[6valley.6amtech.com/public/assets/front-end/png/top-rated.png]
[6valley.6amtech.com/products1383.html]
[6valley.6amtech.com/storage/app/public/banner/2022-04-21-6260c14f117ef.png]
[6valley.6amtech.com/storage/app/public/banner/2022-04-21-6260bfbad32ea.png]
[6valley.6amtech.com/product/test-2-IoKmGU.html]
[6valley.6amtech.com/storage/app/public/product/thumbnail/2022-04-23-62640a15585e7.png]
[6valley.6amtech.com/product/test-20-c1xeH7.html]
[6valley.6amtech.com/storage/app/public/product/thumbnail/2022-04-16-625a271b671e8.png]
[6valley.6amtech.com/public/assets/front-end/png/delivery.png]
[6valley.6amtech.com/public/assets/front-end/png/Payment.png]
[6valley.6amtech.com/public/assets/front-end/png/money.png]
[6valley.6amtech.com/public/assets/front-end/png/Genuine.png]
[6valley.6amtech.com/about-us.html]
[6valley.6amtech.com/public/assets/front-end/png/about company.png]
[6valley.6amtech.com/contacts.html]
[6valley.6amtech.com/public/assets/front-end/png/contact us.png]
[6valley.6amtech.com/helpTopic.html]
[6valley.6amtech.com/public/assets/front-end/png/faq.png]
[6valley.6amtech.com/storage/app/public/company/2022-04-20-625f99fac180a.png]
[6valley.6amtech.com/products14a2.html]
[6valley.6amtech.com/products081d.html]
[6valley.6amtech.com/track-order.html]
[6valley.6amtech.com/public/assets/front-end/png/apple_app.png]
[6valley.6amtech.com/public/assets/front-end/png/google_app.png]
[6valley.6amtech.com/cdn-cgi/l/email-protection.html]
[6valley.6amtech.com/terms.html]
[6valley.6amtech.com/privacy-policy.html]
[6valley.6amtech.com/cdn-cgi/scripts/5c5dd728/cloudflare-static/email-decode.min.js]
[6valley.6amtech.com/public/assets/front-end/vendor/jquery/dist/jquery-2.2.4.min.js]
[6valley.6amtech.com/public/assets/front-end/vendor/bootstrap/dist/js/bootstrap.bundle.min.js]
[6valley.6amtech.com/public/assets/front-end/vendor/bs-custom-file-input/dist/bs-custom-file-input.min.js]
[6valley.6amtech.com/public/assets/front-end/vendor/simplebar/dist/simplebar.min.js]
[6valley.6amtech.com/public/assets/front-end/vendor/tiny-slider/dist/min/tiny-slider.js]
[6valley.6amtech.com/public/assets/front-end/vendor/smooth-scroll/dist/smooth-scroll.polyfills.min.js]
[6valley.6amtech.com/public/js/lightbox.min.js]
[6valley.6amtech.com/public/assets/front-end/vendor/drift-zoom/dist/Drift.min.js]
[6valley.6amtech.com/public/assets/front-end/vendor/lightgallery.js/dist/js/lightgallery.min.js]
[6valley.6amtech.com/public/assets/front-end/vendor/lg-video.js/dist/lg-video.min.js]
[6valley.6amtech.com/public/assets/back-end/js/toastr.js]
[6valley.6amtech.com/public/assets/front-end/js/theme.min.js]
[6valley.6amtech.com/public/assets/front-end/js/slick.min.js]
[6valley.6amtech.com/public/assets/front-end/js/sweet_alert.js]
[6valley.6amtech.com/public/assets/front-end/js/owl.carousel.min.js]
[6valley.6amtech.com/index.html]
[6valley.6amtech.com/public/assets/front-end/vendor/simplebar/dist/simplebar.min.css]
[6valley.6amtech.com/public/assets/front-end/vendor/tiny-slider/dist/tiny-slider.css]
[6valley.6amtech.com/public/assets/front-end/vendor/drift-zoom/dist/drift-basic.min.css]
[6valley.6amtech.com/cdn-cgi/challenge-platform/h/b/scripts/alpha/invisible5615.js]
[6valley.6amtech.com/public/assets/front-end/vendor/lightgallery.js/dist/fonts/lgd641d641.eot]
[6valley.6amtech.com/public/assets/front-end/vendor/lightgallery.js/dist/fonts/lgd41dd41d.eot]
[6valley.6amtech.com/public/assets/front-end/vendor/lightgallery.js/dist/fonts/lgd641d641.woff]
[6valley.6amtech.com/public/assets/front-end/vendor/lightgallery.js/dist/fonts/lgd641d641.ttf]
[6valley.6amtech.com/public/assets/front-end/vendor/lightgallery.js/dist/fonts/lgd641d641.svg]
[6valley.6amtech.com/public/assets/front-end/vendor/lightgallery.js/dist/img/vimeo-play.png]
[6valley.6amtech.com/public/assets/front-end/vendor/lightgallery.js/dist/img/video-play.png]
[6valley.6amtech.com/public/assets/front-end/vendor/lightgallery.js/dist/img/youtube-play.png]
[6valley.6amtech.com/public/assets/front-end/vendor/lightgallery.js/dist/img/loading.gif]
[6valley.6amtech.com/public/assets/front-end/vendor/lightgallery.js/dist/css/lightgallery.min.css]
[6valley.6amtech.com/public/assets/back-end/css/toastr.css]
[6valley.6amtech.com/public/assets/front-end/fonts/sixvalley-iconsc17fc17f.ttf]
[6valley.6amtech.com/public/assets/front-end/fonts/sixvalley-iconsc17fc17f.woff]
[6valley.6amtech.com/public/assets/front-end/css/theme.min.css]
[6valley.6amtech.com/public/assets/front-end/css/slick.css]
[6valley.6amtech.com/public/assets/front-end/fonts/sixvalley-iconsc17fc17f.svg]
[6valley.6amtech.com/public/assets/front-end/fonts/fontawesome-webfont3e6e.woff]
[6valley.6amtech.com/public/assets/front-end/css/font-awesome.min.css]
[6valley.6amtech.com/public/assets/front-end/css/master.css]
[6valley.6amtech.com/public/images/loading.gif]
[6valley.6amtech.com/public/css/lightbox.css]
[6valley.6amtech.com/public/assets/back-end/vendor/icon-set/fonts/The-Icon-of9a769a76.eot]
[6valley.6amtech.com/public/assets/back-end/vendor/icon-set/fonts/The-Icon-of9a769a76.ttf]
[6valley.6amtech.com/public/assets/back-end/vendor/icon-set/fonts/The-Icon-of9a769a76.woff]
[6valley.6amtech.com/public/assets/back-end/vendor/icon-set/style.css]
[6valley.6amtech.com/public/assets/front-end/css/img/seller.png]
[6valley.6amtech.com/public/assets/front-end/css/home.css]
[6valley.6amtech.com/public/assets/front-end/css/owl.video.play.e0.delayed]
[6valley.6amtech.com/public/assets/front-end/css/owl.carousel.min.css]
[6valley.6amtech.com/public/assets/front-end/css/owl.theme.default.min.css]
[6valley.6amtech.com/public/assets/front-end/css/responsive1.css]
[6valley.6amtech.com/storage/app/public/shop/banner/2022-04-23-62640fd8794c3.png]
[6valley.6amtech.com/public/assets/back-end/vendor/icon-set/fonts/The-Icon-of9a769a76.svg]
[6valley.6amtech.com/chat-with-seller.html]
[6valley.6amtech.com/shopView/18960.html]
[6valley.6amtech.com/shopView/1e475.html]
[6valley.6amtech.com/shopView/19584.html]
[6valley.6amtech.com/shopView/1e6c0.html]
[6valley.6amtech.com/shopView/14371.html]
[6valley.6amtech.com/shopView/18815.html]
[6valley.6amtech.com/shopView/1dada.html]
[6valley.6amtech.com/shopView/1c9f0.html]
[6valley.6amtech.com/shopView/141dc.html]
[6valley.6amtech.com/shopView/12ef0.html]
[6valley.6amtech.com/shopView/14586.html]
[6valley.6amtech.com/shopView/1.html]
[6valley.6amtech.com/customer/auth/recover-password.html]
[www.google.com/recaptcha/api85f1.js]
[6valley.6amtech.com/customer/auth/login.html]
[6valley.6amtech.com/customer/auth/sign-up.html]
[6valley.6amtech.com/products2eb6.html]
[6valley.6amtech.com/productsd372.html]
[6valley.6amtech.com/productsa207.html]
[6valley.6amtech.com/products99b7.html]
[6valley.6amtech.com/products9356.html]
[6valley.6amtech.com/products9147.html]
[6valley.6amtech.com/products21a2.html]
[6valley.6amtech.com/products21fb.html]
[6valley.6amtech.com/products1e52.html]
[6valley.6amtech.com/products734e.html]
[6valley.6amtech.com/products9be8.html]
[6valley.6amtech.com/products7215.html]
[6valley.6amtech.com/products88f9.html]
[6valley.6amtech.com/products8f21.html]
[6valley.6amtech.com/products7435.html]
[6valley.6amtech.com/products2ebe.html]
[6valley.6amtech.com/productsf7a3.html]
[6valley.6amtech.com/productsb05f.html]
[6valley.6amtech.com/products6546.html]
[6valley.6amtech.com/products7b7d.html]
[6valley.6amtech.com/products9a99.html]
[6valley.6amtech.com/products6b16.html]
[6valley.6amtech.com/productsfb65.html]
[6valley.6amtech.com/productsc870.html]
[6valley.6amtech.com/products77b5.html]
[6valley.6amtech.com/products779a.html]
[6valley.6amtech.com/productscf5f.html]
[6valley.6amtech.com/products8cdf.html]
[6valley.6amtech.com/products86d9.html]
[6valley.6amtech.com/products3b18.html]
[6valley.6amtech.com/products0ef8.html]
[6valley.6amtech.com/productsa8a9.html]
[6valley.6amtech.com/products6798.html]
[6valley.6amtech.com/productsfc17.html]
[6valley.6amtech.com/products880e.html]
[6valley.6amtech.com/productsb7c4.html]
[6valley.6amtech.com/productsfd66.html]
[6valley.6amtech.com/productsbbc6.html]
[6valley.6amtech.com/products586e.html]
[6valley.6amtech.com/products3bca.html]
[6valley.6amtech.com/products048b.html]
[6valley.6amtech.com/products14a5.html]
[6valley.6amtech.com/productsca7b.html]
[6valley.6amtech.com/productse9ba.html]
[6valley.6amtech.com/productsc219.html]
[6valley.6amtech.com/products0650.html]
[6valley.6amtech.com/productscc5d.html]
[6valley.6amtech.com/products0481.html]
[6valley.6amtech.com/productsd70c.html]
[6valley.6amtech.com/productsf30e.html]
[6valley.6amtech.com/products9001.html]
[6valley.6amtech.com/productscffa.html]
[6valley.6amtech.com/productsc00e.html]
[6valley.6amtech.com/products20e0.html]
[6valley.6amtech.com/products26fd.html]
[6valley.6amtech.com/products7bc0.html]
[6valley.6amtech.com/products4548.html]
[6valley.6amtech.com/products9805.html]
[6valley.6amtech.com/products1a84.html]
[6valley.6amtech.com/products5d16.html]
[6valley.6amtech.com/products1b85.html]
[6valley.6amtech.com/productsa2e0.html]
[6valley.6amtech.com/products89eb.html]
[6valley.6amtech.com/products7245.html]
[6valley.6amtech.com/products9f20.html]
[6valley.6amtech.com/productsf12c.html]
[6valley.6amtech.com/productsd4c4.html]
[6valley.6amtech.com/productsc5bb.html]
[6valley.6amtech.com/productsde30.html]
[6valley.6amtech.com/productsa7b6.html]
[6valley.6amtech.com/cdn-cgi/challenge-platform/h/b/scripts/cb/invisible9d3e.js]
[6valley.6amtech.com/productsc5e9.html]
[6valley.6amtech.com/products16b3.html]
[6valley.6amtech.com/productsaad4.html]
[6valley.6amtech.com/products0e6e.html]
[6valley.6amtech.com/products5b18.html]
[6valley.6amtech.com/category-ajax/27.json]
[6valley.6amtech.com/category-ajax/28.json]
[6valley.6amtech.com/category-ajax/26.json]
[6valley.6amtech.com/category-ajax/25.json]
[6valley.6amtech.com/category-ajax/16.json]
[6valley.6amtech.com/category-ajax/15.json]
[6valley.6amtech.com/category-ajax/11.json]
[6valley.6amtech.com/category-ajax/13.json]
[6valley.6amtech.com/category-ajax/12.json]
[6valley.6amtech.com/category-ajax/14.json]
[6valley.6amtech.com/category-ajax/24.json]
[6valley.6amtech.com/categories.html]
[6valley.6amtech.com/products08df.html]
[6valley.6amtech.com/productsac5f.html]
[6valley.6amtech.com/productse98f.html]
[6valley.6amtech.com/products7a6f.html]
[6valley.6amtech.com/products162c.html]
[6valley.6amtech.com/productsf95a.html]
[6valley.6amtech.com/products4dac.html]
[6valley.6amtech.com/productse8ef.html]
[6valley.6amtech.com/productse27a.html]
[6valley.6amtech.com/products10f7.html]
[6valley.6amtech.com/products2cea.html]
[6valley.6amtech.com/products64dc.html]
[6valley.6amtech.com/products1300.html]
[6valley.6amtech.com/products5d4e.html]
[6valley.6amtech.com/products0e8e.html]
[6valley.6amtech.com/productsd887.html]
[6valley.6amtech.com/products2cb2.html]
[6valley.6amtech.com/products32fa.html]
[6valley.6amtech.com/products2e2f.html]
[6valley.6amtech.com/products440c.html]
[6valley.6amtech.com/products7302.html]
[6valley.6amtech.com/productsfb53.html]
[6valley.6amtech.com/products4ea3.html]
[6valley.6amtech.com/products8b8e.html]
[6valley.6amtech.com/products62a1.html]
[6valley.6amtech.com/products04f4.html]
[6valley.6amtech.com/products7b00.html]
[6valley.6amtech.com/productsd39a.html]
[6valley.6amtech.com/productsbccb.html]
[6valley.6amtech.com/productsde73.html]
[6valley.6amtech.com/productsdab8.html]
[6valley.6amtech.com/products96e9.html]
[6valley.6amtech.com/products5677.html]
[6valley.6amtech.com/products7469.html]
[6valley.6amtech.com/products1795.html]
[6valley.6amtech.com/productsba0b.html]
[6valley.6amtech.com/products8c4c.html]
[6valley.6amtech.com/productse619.html]
[6valley.6amtech.com/productsa7b7.html]
[6valley.6amtech.com/products087a.html]
[6valley.6amtech.com/products3a8f.html]
[6valley.6amtech.com/products7d84.html]
[6valley.6amtech.com/products069b.html]
[6valley.6amtech.com/products434f.html]
[6valley.6amtech.com/products2d50.html]
[6valley.6amtech.com/productsa6ab.html]
[6valley.6amtech.com/products964e.html]
[6valley.6amtech.com/products43b0.html]
[6valley.6amtech.com/products317e.html]
[6valley.6amtech.com/products01d2.html]
[6valley.6amtech.com/products63b5.html]
[6valley.6amtech.com/products9b63.html]
[6valley.6amtech.com/productscead.html]
[6valley.6amtech.com/products8447.html]
[6valley.6amtech.com/productsdcdb.html]
[6valley.6amtech.com/products1400.html]
[6valley.6amtech.com/productsb8c6.html]
[6valley.6amtech.com/productsf525.html]
[6valley.6amtech.com/productsc81d.html]
[6valley.6amtech.com/products56ba.html]
[6valley.6amtech.com/productscc1e.html]
[6valley.6amtech.com/public/assets/front-end/vendor/nouislider/distribute/nouislider.min.js]
[6valley.6amtech.com/brands.html]
[6valley.6amtech.com/productsa43c.html]
[6valley.6amtech.com/productse446.html]
[6valley.6amtech.com/productsd032.html]
[6valley.6amtech.com/sellers.html]
[6valley.6amtech.com/public/assets/back-end/css/select2.min.css]
[6valley.6amtech.com/public/assets/back-end/css/croppie.css]
[6valley.6amtech.com/public/assets/back-end/img/400x400/img2.jpg]
[6valley.6amtech.com/shop/apply.html]
[6valley.6amtech.com/seller/auth/favicon.ico]
[6valley.6amtech.com/public/assets/back-end/css/vendor.min.css]
[6valley.6amtech.com/public/assets/back-end/css/theme.minc619c619.css]
[6valley.6amtech.com/public/assets/admin/svg/components/abstract-bg-4.svg]
[6valley.6amtech.com/seller/auth/forgot-password.html]
[6valley.6amtech.com/public/assets/back-end/js/theme.min.js]
[6valley.6amtech.com/public/assets/admin/vendor/babel-polyfill/polyfill.min.js]
[6valley.6amtech.com/seller/auth/login.html]
[6valley.6amtech.com/storage/app/public/deal/2022-04-24-6264ca92606bb.png]
[6valley.6amtech.com/flash-deals/4.html]
[6valley.6amtech.com/public/assets/back-end/js/vendor.min.js]
[6valley.6amtech.com/storage/app/public/product/meta/2022-04-20-625fe69f72ec0.png]
[6valley.6amtech.com/public/assets/front-end/css/product-details.css]
[6valley.6amtech.com/storage/app/public/product/2022-04-20-625fe69f716aa.png]
[6valley.6amtech.com/storage/app/public/product/2022-04-20-625fe69f728ef.png]
[6valley.6amtech.com/storage/app/public/product/2022-04-20-625fe69f729e1.png]
[6valley.6amtech.com/shopView/0.html]
[6valley.6amtech.com/product/test-1-DcD1hE.html]
[platform-api.sharethis.com/js/sharethis.js]
[6valley.6amtech.com/storage/app/public/product/meta/2022-04-23-6263633d3b2fb.png]
[6valley.6amtech.com/storage/app/public/product/2022-04-23-6263633d39741.png]
[6valley.6amtech.com/storage/app/public/product/2022-04-23-6263633d3aa63.png]
[6valley.6amtech.com/storage/app/public/product/2022-04-23-6263633d3ad74.png]
[6valley.6amtech.com/product/test-6-Pg6Hpj.html]
[6valley.6amtech.com/storage/app/public/product/meta/2022-04-19-625e6fdf2ffc7.png]
[6valley.6amtech.com/storage/app/public/product/2022-04-23-62636ad68d372.png]
[6valley.6amtech.com/product/demo-product-1-DuHk4E.html]
[6valley.6amtech.com/storage/app/public/product/meta/2022-04-20-625fe4c78318c.png]
[6valley.6amtech.com/storage/app/public/product/2022-04-20-625fe4a47805f.png]
[6valley.6amtech.com/storage/app/public/product/2022-04-20-625fe4a478fec.png]
[6valley.6amtech.com/storage/app/public/product/2022-04-20-625fe4a47909c.png]
[6valley.6amtech.com/product/subrtex-1-piece-knit-jacquard-spandex-stretch-sofa-milky-0uKU4j.html]
[6valley.6amtech.com/storage/app/public/product/meta/2022-04-20-625fea104015d.png]
[6valley.6amtech.com/storage/app/public/product/2022-04-20-625fea103e6b9.png]
[6valley.6amtech.com/storage/app/public/product/2022-04-20-625fea103f82f.png]
[6valley.6amtech.com/storage/app/public/product/2022-04-20-625fea103f8f2.png]
[6valley.6amtech.com/product/test-1-H27JWE.html]
[6valley.6amtech.com/storage/app/public/product/meta/2022-04-20-625f76257cf8c.png]
[6valley.6amtech.com/storage/app/public/product/2022-04-20-625f76257bac9.png]
[6valley.6amtech.com/storage/app/public/product/2022-04-20-625f763a7d13b.png]
[6valley.6amtech.com/storage/app/public/product/2022-04-20-625f763a7e335.png]
[6valley.6amtech.com/product/product-1-9x9CNa.html]
[6valley.6amtech.com/storage/app/public/product/meta/2022-04-13-62566ecb479df.png]
[6valley.6amtech.com/storage/app/public/product/2022-04-13-62566ecb46b07.png]
[6valley.6amtech.com/product/test-1-ujoAgo.html]
[6valley.6amtech.com/storage/app/public/product/meta/2022-04-21-6260fd9162048.png]
[6valley.6amtech.com/storage/app/public/product/2022-04-21-6260fd9137e2f.png]
[6valley.6amtech.com/storage/app/public/product/2022-04-21-6260fd91616ad.png]
[6valley.6amtech.com/storage/app/public/product/2022-04-21-6260fd91617cc.png]
[6valley.6amtech.com/storage/app/public/product/2022-04-21-6260fd91618c1.png]
[6valley.6amtech.com/storage/app/public/product/2022-04-21-6260fd91619a0.png]
[6valley.6amtech.com/storage/app/public/product/2022-04-21-6260fd9161a72.png]
[6valley.6amtech.com/storage/app/public/product/2022-04-21-6260fd9161b61.png]
[6valley.6amtech.com/storage/app/public/product/2022-04-21-6260fd9161c20.png]
[6valley.6amtech.com/storage/app/public/product/2022-04-21-6260fd9161cf7.png]
[6valley.6amtech.com/storage/app/public/product/2022-04-21-6260fd9161dd2.png]
[6valley.6amtech.com/product/timex-marlin-stainless-steel-hand-wound-movement-Czd48g.html]
[6valley.6amtech.com/storage/app/public/product/meta/2022-04-23-626362bcdbeba.png]
[6valley.6amtech.com/storage/app/public/product/2022-04-23-626362bcd935b.png]
[6valley.6amtech.com/storage/app/public/product/2022-04-23-626362bcdb73b.png]
[6valley.6amtech.com/product/test-1-w3PUfR.html]
[6valley.6amtech.com/storage/app/public/product/meta/2022-04-13-62566e1a35c9c.png]
[6valley.6amtech.com/storage/app/public/product/2022-04-13-62566e1a3464f.png]
[6valley.6amtech.com/product/test-10-LQArPe.html]
[6valley.6amtech.com/storage/app/public/product/meta/2022-04-20-625fe611c0eb4.png]
[6valley.6amtech.com/storage/app/public/product/2022-04-20-625fe62a9a75b.png]
[6valley.6amtech.com/storage/app/public/product/2022-04-20-625fe62a9b965.png]
[6valley.6amtech.com/storage/app/public/product/2022-04-20-625fe62a9ba9f.png]
[6valley.6amtech.com/product/product-111-s6WUwV.html]
[6valley.6amtech.com/productsab7c.html]
[6valley.6amtech.com/storage/app/public/product/meta/2022-04-23-62636369a0abb.png]
[6valley.6amtech.com/storage/app/public/product/2022-04-23-626363699f156.png]
[6valley.6amtech.com/storage/app/public/product/2022-04-23-62636369a053f.png]
[6valley.6amtech.com/product/test-3-ibgkHB.html]
[6valley.6amtech.com/storage/app/public/product/meta/2022-04-16-625a26a3dffc6.png]
[6valley.6amtech.com/storage/app/public/product/2022-04-16-625a26a3df10d.png]
[6valley.6amtech.com/storage/app/public/product/2022-04-19-625e4238d4121.png]
[6valley.6amtech.com/storage/app/public/product/2022-04-19-625e4238d5569.png]
[6valley.6amtech.com/storage/app/public/product/2022-04-19-625e4238d5678.png]
[6valley.6amtech.com/storage/app/public/product/2022-04-19-625e4238d575f.png]
[6valley.6amtech.com/storage/app/public/product/2022-04-19-625e4238d587c.png]
[6valley.6amtech.com/storage/app/public/product/2022-04-19-625e4238d5979.png]
[6valley.6amtech.com/storage/app/public/product/2022-04-19-625e4238d5a61.png]
[6valley.6amtech.com/storage/app/public/product/2022-04-19-625e4238d5b56.png]
[6valley.6amtech.com/storage/app/public/product/2022-04-19-625e4238d5c96.png]
[6valley.6amtech.com/product/test-7-3spYrs.html]
[6valley.6amtech.com/productsfbc0.html]
[6valley.6amtech.com/storage/app/public/product/meta/2022-04-20-625f9fa1dbe7a.png]
[6valley.6amtech.com/storage/app/public/product/2022-04-20-625f9fa1d5980.png]
[6valley.6amtech.com/storage/app/public/product/2022-04-20-625f9fa1dbb66.png]
[6valley.6amtech.com/product/test-asdf-ZEYzZC.html]
[6valley.6amtech.com/storage/app/public/product/meta/2022-04-20-625fe5bedb119.png]
[6valley.6amtech.com/storage/app/public/product/2022-04-20-625fe5a8718c3.png]
[6valley.6amtech.com/storage/app/public/product/2022-04-20-625fe5bed9e56.png]
[6valley.6amtech.com/storage/app/public/product/2022-04-20-625fe5bedae6f.png]
[6valley.6amtech.com/product/product-test-LoiBIu.html]
[6valley.6amtech.com/storage/app/public/product/meta/2022-04-19-625e6fb8d43d3.png]
[6valley.6amtech.com/storage/app/public/product/2022-04-19-625e6fb8d2d0a.png]
[6valley.6amtech.com/product/demo-product-23-iLZaLC.html]
[6valley.6amtech.com/storage/app/public/product/meta/2022-04-19-625e6f7c0671d.png]
[6valley.6amtech.com/storage/app/public/product/2022-04-19-625e6f7c034c3.png]
[6valley.6amtech.com/product/demo-product-22-683ZUQ.html]
[6valley.6amtech.com/storage/app/public/shop/banner/2022-04-23-62640f469b357.png]
[6valley.6amtech.com/shopView/33f66.html]
[6valley.6amtech.com/shopView/3.html]
[6valley.6amtech.com/shopView/38815.html]
[6valley.6amtech.com/storage/app/public/shop/banner/2022-04-23-62640f74f2bde.png]
[6valley.6amtech.com/shopView/2.html]
[6valley.6amtech.com/storage/app/public/shop/banner/2022-04-23-62640ee08a46a.png]
[6valley.6amtech.com/shopView/4.html]
[6valley.6amtech.com/storage/app/public/shop/banner/2022-04-23-62640e7d61a9a.png]
[6valley.6amtech.com/shopView/5.html]
[6valley.6amtech.com/storage/app/public/shop/banner/2022-04-23-62640d918c763.png]
[6valley.6amtech.com/shopView/6.html]
[6valley.6amtech.com/storage/app/public/shop/banner/2022-04-23-62640a7a2e669.png]
[6valley.6amtech.com/shopView/7.html]
[6valley.6amtech.com/storage/app/public/shop/banner/2022-04-23-626409f23d426.png]
[6valley.6amtech.com/shopView/8.html]
[6valley.6amtech.com/storage/app/public/shop/banner/2022-04-23-626405919072b.png]
[6valley.6amtech.com/shopView/9.html]
[6valley.6amtech.com/products658b.html]
[6valley.6amtech.com/storage/app/public/product/meta/2022-04-20-625fe97736c9a.png]
[6valley.6amtech.com/storage/app/public/product/2022-04-20-625fe97735186.png]
[6valley.6amtech.com/storage/app/public/product/2022-04-20-625fe9773655b.png]
[6valley.6amtech.com/storage/app/public/product/2022-04-20-625fe9773672a.png]
[6valley.6amtech.com/product/product-123-6fJ1ft.html]
[6valley.6amtech.com/products1383.html]
[6valley.6amtech.com/storage/app/public/product/meta/2022-04-23-62640a15587af.png]
[6valley.6amtech.com/storage/app/public/product/2022-04-23-62640a155726f.png]
[6valley.6amtech.com/product/test-2-IoKmGU.html]
[6valley.6amtech.com/storage/app/public/product/meta/2022-04-16-625a271b673cf.png]
[6valley.6amtech.com/storage/app/public/product/2022-04-16-625a271b620f3.png]
[6valley.6amtech.com/product/test-20-c1xeH7.html]
[6valley.6amtech.com/about-us.html]
[6valley.6amtech.com/public/assets/front-end/png/contact.png]
[6valley.6amtech.com/contacts.html]
[6valley.6amtech.com/helpTopic.html]
[6valley.6amtech.com/products14a2.html]
[6valley.6amtech.com/products081d.html]
[6valley.6amtech.com/public/assets/front-end/vendor/nouislider/distribute/nouislider.min.css]
[6valley.6amtech.com/track-order.html]
[6valley.6amtech.com/cdn-cgi/l/email-protection.html]
[6valley.6amtech.com/cdn-cgi/challenge-platform/h/b/scripts/cb/invisible256e.js]
[6valley.6amtech.com/terms.html]
[6valley.6amtech.com/privacy-policy.html]
[6valley.6amtech.com/cart/remove.html]
[6valley.6amtech.com/cart/nav-cart-items.html]
[6valley.6amtech.com/cart/updateQuantity.html]
[6valley.6amtech.com/public/assets/front-end/vendor/lightgallery.js/dist/fonts/lgd641d641.svg]
[6valley.6amtech.com/public/assets/front-end/fonts/sixvalley-iconsc17fc17f.svg]
[6valley.6amtech.com/public/assets/front-end/fonts/fontawesome-webfont3e6e.html]
[6valley.6amtech.com/public/images/loading.html]
[6valley.6amtech.com/public/assets/back-end/vendor/icon-set/fonts/The-Icon-of9a769a76.svg]
[6valley.6amtech.com/public/assets/front-end/css/owl.video.play.html]
[6valley.6amtech.com/account-oder.html]
[6valley.6amtech.com/chat-with-seller.html]
[6valley.6amtech.com/shopView/18960.html]
[6valley.6amtech.com/shopView/1e475.html]
[6valley.6amtech.com/shopView/19584.html]
[6valley.6amtech.com/cdn-cgi/challenge-platform/h/b/scripts/cb/invisible1fbf.js]
[6valley.6amtech.com/shopView/1e6c0.html]
[6valley.6amtech.com/shopView/14371.html]
[6valley.6amtech.com/shopView/18815.html]
[6valley.6amtech.com/shopView/1dada.html]
[6valley.6amtech.com/shopView/1c9f0.html]
[6valley.6amtech.com/shopView/141dc.html]
[6valley.6amtech.com/shopView/12ef0.html]
[6valley.6amtech.com/shopView/14586.html]
[6valley.6amtech.com/customer/auth/recover-password.html]
[6valley.6amtech.com/products2eb6.html]
[6valley.6amtech.com/productsd372.html]
[6valley.6amtech.com/productsa207.html]
[6valley.6amtech.com/products99b7.html]
[6valley.6amtech.com/products9147.html]
[6valley.6amtech.com/products21a2.html]
[6valley.6amtech.com/products21fb.html]
[6valley.6amtech.com/products1e52.html]
[6valley.6amtech.com/products9be8.html]
[6valley.6amtech.com/products7215.html]
[6valley.6amtech.com/products88f9.html]
[6valley.6amtech.com/products8f21.html]
[6valley.6amtech.com/products2ebe.html]
[6valley.6amtech.com/productsf7a3.html]
[6valley.6amtech.com/productsb05f.html]
[6valley.6amtech.com/products6546.html]
[6valley.6amtech.com/products9a99.html]
[6valley.6amtech.com/products6b16.html]
[6valley.6amtech.com/productsfb65.html]
[6valley.6amtech.com/productsc870.html]
[6valley.6amtech.com/products779a.html]
[6valley.6amtech.com/productscf5f.html]
[6valley.6amtech.com/products8cdf.html]
[6valley.6amtech.com/products86d9.html]
[6valley.6amtech.com/products0ef8.html]
[6valley.6amtech.com/productsa8a9.html]
[6valley.6amtech.com/products6798.html]
[6valley.6amtech.com/productsfc17.html]
[6valley.6amtech.com/productsb7c4.html]
[6valley.6amtech.com/productsfd66.html]
[6valley.6amtech.com/cdn-cgi/challenge-platform/h/b/scripts/cb/invisible6460.js]
[6valley.6amtech.com/productsbbc6.html]
[6valley.6amtech.com/products586e.html]
[6valley.6amtech.com/products048b.html]
[6valley.6amtech.com/products14a5.html]
[6valley.6amtech.com/productsca7b.html]
[6valley.6amtech.com/productse9ba.html]
[6valley.6amtech.com/products0650.html]
[6valley.6amtech.com/productscc5d.html]
[6valley.6amtech.com/products0481.html]
[6valley.6amtech.com/productsd70c.html]
[6valley.6amtech.com/products9001.html]
[6valley.6amtech.com/productscffa.html]
[6valley.6amtech.com/productsc00e.html]
[6valley.6amtech.com/products20e0.html]
[6valley.6amtech.com/products7bc0.html]
[6valley.6amtech.com/products4548.html]
[6valley.6amtech.com/products9805.html]
[6valley.6amtech.com/products1a84.html]
[6valley.6amtech.com/products1b85.html]
[6valley.6amtech.com/productsa2e0.html]
[6valley.6amtech.com/products89eb.html]
[6valley.6amtech.com/products7245.html]
[6valley.6amtech.com/productsf12c.html]
[6valley.6amtech.com/productsd4c4.html]
[6valley.6amtech.com/productsc5bb.html]
[6valley.6amtech.com/productsde30.html]
[6valley.6amtech.com/productsc5e9.html]
[6valley.6amtech.com/products16b3.html]
[6valley.6amtech.com/productsaad4.html]
[6valley.6amtech.com/products0e6e.html]
[6valley.6amtech.com/products08df.html]
[6valley.6amtech.com/productsac5f.html]
[6valley.6amtech.com/productse98f.html]
[6valley.6amtech.com/products7a6f.html]
[6valley.6amtech.com/productsf95a.html]
[6valley.6amtech.com/products4dac.html]
[6valley.6amtech.com/productse8ef.html]
[6valley.6amtech.com/productse27a.html]
[6valley.6amtech.com/products2cea.html]
[6valley.6amtech.com/products64dc.html]
[6valley.6amtech.com/products1300.html]
[6valley.6amtech.com/products5d4e.html]
[6valley.6amtech.com/productsfb53.html]
[6valley.6amtech.com/products4ea3.html]
[6valley.6amtech.com/products8b8e.html]
[6valley.6amtech.com/cdn-cgi/challenge-platform/h/b/scripts/cb/invisiblee49f.js]
[6valley.6amtech.com/products62a1.html]
[6valley.6amtech.com/products7b00.html]
[6valley.6amtech.com/productsd39a.html]
[6valley.6amtech.com/productsbccb.html]
[6valley.6amtech.com/productsde73.html]
[6valley.6amtech.com/products96e9.html]
[6valley.6amtech.com/products5677.html]
[6valley.6amtech.com/products7469.html]
[6valley.6amtech.com/products1795.html]
[6valley.6amtech.com/products8c4c.html]
[6valley.6amtech.com/productse619.html]
[6valley.6amtech.com/productsa7b7.html]
[6valley.6amtech.com/products087a.html]
[6valley.6amtech.com/products7d84.html]
[6valley.6amtech.com/products069b.html]
[6valley.6amtech.com/products434f.html]
[6valley.6amtech.com/products2d50.html]
[6valley.6amtech.com/products964e.html]
[6valley.6amtech.com/cdn-cgi/challenge-platform/h/b/scripts/cb/invisibleee83.js]
[6valley.6amtech.com/products43b0.html]
[6valley.6amtech.com/products317e.html]
[6valley.6amtech.com/products01d2.html]
[6valley.6amtech.com/products9b63.html]
[6valley.6amtech.com/productscead.html]
[6valley.6amtech.com/products8447.html]
[6valley.6amtech.com/productsdcdb.html]
[6valley.6amtech.com/productsb8c6.html]
[6valley.6amtech.com/productsf525.html]
[6valley.6amtech.com/productsc81d.html]
[6valley.6amtech.com/products56ba.html]
[6valley.6amtech.com/productse446.html]
[6valley.6amtech.com/productsa43c.html]
[6valley.6amtech.com/public/assets/back-end/css/select2.min.css]
[6valley.6amtech.com/public/assets/back-end/css/croppie.css]
[6valley.6amtech.com/seller/auth/favicon.html]
[6valley.6amtech.com/public/assets/back-end/css/images/layers.html]
[6valley.6amtech.com/public/assets/back-end/css/images/layers-2x.html]
[6valley.6amtech.com/public/assets/back-end/css/vendor.min.css]
[6valley.6amtech.com/public/assets/back-end/css/theme.minc619c619.css]
[6valley.6amtech.com/public/assets/admin/svg/components/abstract-bg-4.html]
[6valley.6amtech.com/seller/auth/forgot-password.html]
[6valley.6amtech.com/public/assets/admin/vendor/babel-polyfill/polyfill.min.html]
[6valley.6amtech.com/public/assets/front-end/css/product-details.css]
[6valley.6amtech.com/public/assets/back-end/css/images/marker-icon.html]
[6valley.6amtech.com/storage/app/public/shop/2022-04-20-625f96e0c12ae.png]
[6valley.6amtech.com/shopView/08960.html]
[6valley.6amtech.com/shopView/0e475.html]
[6valley.6amtech.com/shopView/09584.html]
[6valley.6amtech.com/shopView/0e6c0.html]
[6valley.6amtech.com/shopView/0dada.html]
[6valley.6amtech.com/shopView/0c9f0.html]
[6valley.6amtech.com/shopView/041dc.html]
[6valley.6amtech.com/shopView/02ef0.html]
[6valley.6amtech.com/shopView/04586.html]
[6valley.6amtech.com/shopView/03f66.html]
[6valley.6amtech.com/shopView/08815.html]
[6valley.6amtech.com/shopView/0.html]
[6valley.6amtech.com/shopView/33f66.html]
[6valley.6amtech.com/shopView/38815.html]
[6valley.6amtech.com/public/assets/front-end/vendor/nouislider/distribute/nouislider.min.css]
[6valley.6amtech.com/shopView/04371.html]
[6valley.6amtech.com/account-oder.html]
[6valley.6amtech.com/public/assets/back-end/css/images/layers.html]
[6valley.6amtech.com/public/assets/back-end/css/images/layers-2x.html]
[6valley.6amtech.com/public/assets/back-end/css/images/marker-icon.html]
[6valley.6amtech.com/shopView/08960.html]
[6valley.6amtech.com/shopView/0e475.html]
[6valley.6amtech.com/shopView/09584.html]
[6valley.6amtech.com/shopView/0e6c0.html]
[6valley.6amtech.com/shopView/0dada.html]
[6valley.6amtech.com/shopView/0c9f0.html]
[6valley.6amtech.com/shopView/041dc.html]
[6valley.6amtech.com/shopView/02ef0.html]
[6valley.6amtech.com/shopView/04586.html]
[6valley.6amtech.com/shopView/03f66.html]
[6valley.6amtech.com/shopView/08815.html]
[6valley.6amtech.com/shopView/04371.html]
[6valley.6amtech.com/cdn-cgi/challenge-platform/h/b/scripts/cb/invisible1eb7.js]
[htmlstream.com/assets/css/toolkit.min.css]
[htmlstream.com/assets/css/styles.hs.min.css]
[6valley.6amtech.com/wallet.html]
[6valley.6amtech.com/loyalty.html]
[htmlstream.com/assets/cubeportfolio-full/cubeportfolio/img/cbp-sprite.html]
[htmlstream.com/assets/img/bg/marker/marker-bg-primary.html]
[htmlstream.com/assets/img/bg/marker/marker-bg-green.html]
[htmlstream.com/assets/img/bg/marker/marker-bg-black.html]
[htmlstream.com/assets/img/bg/marker/marker-bg-white.html]
[htmlstream.com/assets/img/bg/marker/marker-bg-red.html]
[htmlstream.com/assets/img/bg/marker/marker-bg-yellow.html]
[htmlstream.com/assets/img/bg/grid/wave.html]
[htmlstream.com/assets/img/bg/grid/tile-left.html]
[htmlstream.com/assets/img/bg/grid/tile-right.html]
[htmlstream.com/assets/img/bg/grid/diagonal-left.html]
[htmlstream.com/assets/img/bg/grid/diagonal-right.html]
[htmlstream.com/assets/img/bg/grid/zigzag-left.html]
[htmlstream.com/assets/img/bg/grid/zigzag-right.html]
[htmlstream.com/assets/img/bg/pattern--green.html]
